// Jest Snapshot v1, https://goo.gl/fbAQLP

exports[`Should renders correctly 1`] = `
<div
  className="title has-text-white mt-6"
>
  <h2>
    Mathematics is not about numbers, equations, computations, or algorithms: it is about understanding.
    <span
      className="ml-5"
    >
      â€“William Paul Thurston
    </span>
  </h2>
</div>
`;
